[
  {
    "finish_reason": "length",
    "index": 0,
    "logprobs": null,
    "prompt_logprobs": null,
    "stop_reason": null,
    "text": " 1. Environmental Benefits: Renewable energy sources such as solar, wind, hydro, and geothermal do not emit harmful pollutants or greenhouse gases that contribute to climate change. Fossil fuels, on the other hand, release large amounts of carbon dioxide, sulfur dioxide, and nitrogen oxides into the atmosphere.\n\n2. Sustainability: Renewable energy sources are sustainable because they are naturally replenished and can be used indefinitely without depleting natural resources. Fossil fuels, however, are finite and will eventually run"
  },
  {
    "finish_reason": "stop",
    "index": 0,
    "logprobs": null,
    "prompt_logprobs": null,
    "stop_reason": 151643,
    "text": " Here are the translations in the requested languages:\n\nSpanish: El conocimiento es poder.\nGerman: Wissen ist Macht.\nMandarin: 知识就是力量。 (Zhīshí jiùshì lìliàng.) \n\nThese translations accurately convey the meaning of the original English sentence in each respective language. Let me know if you need any clarification or have additional questions!"
  },
  {
    "finish_reason": "length",
    "index": 0,
    "logprobs": null,
    "prompt_logprobs": null,
    "stop_reason": null,
    "text": " The night sky, a canvas vast and deep,\nA tapestry of stars that twinkle and leap.\nThe moon, a glowing orb in the blackness,\nA beacon of light, a guiding star's kiss.\n\nThe constellations, stories told in the stars,\nOf heroes and gods, of love and of scars.\nThe Milky Way, a river of light,\nA cosmic highway, a celestial sight.\n\nThe mysteries of the universe, vast and wide,\nA puzzle to solve, a challenge to"
  },
  {
    "finish_reason": "length",
    "index": 0,
    "logprobs": null,
    "prompt_logprobs": null,
    "stop_reason": null,
    "text": " The Great Wall of China is one of the most iconic and recognizable landmarks in the world, with a rich history that spans over 2,000 years. Its construction began during the Warring States period (475-221 BCE) and continued through the Ming Dynasty (1368-1644 CE), making it one of the longest walls ever built.\n\nThe Great Wall served multiple purposes throughout its history, including military defense, border control, and trade regulation"
  },
  {
    "finish_reason": "length",
    "index": 0,
    "logprobs": null,
    "prompt_logprobs": null,
    "stop_reason": null,
    "text": " The use of artificial intelligence (AI) in healthcare decision-making raises several ethical implications that need to be carefully considered. Some of these implications include:\n\n1. Bias and discrimination: AI systems can perpetuate and even exacerbate existing biases and discrimination in healthcare if they are trained on biased data or if their algorithms are not designed to account for differences in patient populations. This can result in unequal treatment and outcomes for different groups of patients.\n\n2. Lack of transparency: AI systems can be complex and difficult to"
  },
  {
    "finish_reason": "length",
    "index": 0,
    "logprobs": null,
    "prompt_logprobs": null,
    "stop_reason": null,
    "text": " The Apollo 11 mission, launched on July 16, 1969, was a significant milestone in space exploration history. It marked the first time humans set foot on the Moon. The spacecraft, consisting of the Command Module \"Columbia\" and the Lunar Module \"Eagle,\" carried astronauts Neil Armstrong, Buzz Aldrin, and Michael Collins.\n\nAfter a successful launch from Kennedy Space Center, the astronauts spent four days traveling to the Moon. On July 20, the"
  }
]
